echo

echo

--shell
--xml
--split
--err
--prefix
--string

--shell
--split
--string

--xml

--shell
--xml
--split
--err
--prefix
--string

--prefix

--shell
--xml
--split
--err
--prefix
--string

--domain

test



--state
--cpu-total
--balloon
--vcpu
--interface
--block
--perf
--iothread
--memory
--dirtyrate
--vm
--list-active
--list-inactive
--list-persistent
--list-transient
--list-running
--list-paused
--list-shutoff
--list-other
--raw
--enforce
--backing
--nowait
--domain


--domain
--reason



## Exit code: 1
