error: failed to get domain '4294967298'

## Exit code: 1
