a
b,c,
d,,e,,
f,,,e

a
b,c,
d,,e,,
f,,,e

,a
b,c,
d,,e,,
f,,,e,
,
a
b,c,
d,,e,,
f,,,e,

,,a
b,c,
d,,e,,
f,,,e,,
