a A 0 + * ; . &apos; &quot; / ? =   
 &lt; &gt; &amp;
