a A 0 + * . ' / ? = < > &
a A 0 + * . &apos; / ? = &lt; &gt; &amp;
a A 0 + '*' . ''\''' / '?' = '<' '>' '&'





''

''
