Domain 't2' defined from 

 Id   Name   State
-----------------------
 1    test   running
 -    t2     shut off

