Scheduler      : fair
error: invalid scheduler option: j


## Exit code: 1
