test:///default?good_uri


test:///default?good_uri

