CPUs: 8/8, MHz: 0, Nodes: 2, Sockets: 1, Cores: 2, Threads: 2
